// Vitest Snapshot v1, https://vitest.dev/guide/snapshot.html

exports[`REST API > GET /api/auth/providers 1`] = `
{
  "github": {
    "callbackUrl": "http://localhost/api/auth/callback/github",
    "id": "github",
    "name": "GitHub",
    "signinUrl": "http://localhost/api/auth/signin/github",
    "type": "oauth",
  },
}
`;

exports[`REST API > GET /api/auth/session 1`] = `null`;
